Microchip MPLAB XC8 Compiler V2.31

Linker command line:

-W-3 --edf=C:\Program Files\Microchip\xc8\v2.31\pic\dat\en_msgs.txt -cn \
  -h+dist/default/production\fisicolab3master.X.production.sym \
  --cmf=dist/default/production\fisicolab3master.X.production.cmf -z \
  -Q16F887 -oC:\Users\AlejandroRodriguez\AppData\Local\Temp\s8js.2 \
  --defsym=__MPLAB_BUILD=1 \
  -Mdist/default/production/fisicolab3master.X.production.map -E1 \
  -ver=XC8 Compiler --acfsm=1493 -ASTACK=0110h-016Fh -pstack=STACK \
  -ACODE=00h-07FFhx4 -ASTRCODE=00h-01FFFh -ASTRING=00h-0FFhx32 \
  -ACONST=00h-0FFhx32 -AENTRY=00h-0FFhx32 -ACOMMON=070h-07Fh \
  -ABANK0=020h-06Fh -ABANK1=0A0h-0EFh -ABANK2=0110h-016Fh \
  -ABANK3=0190h-01EFh -ARAM=020h-06Fh,0A0h-0EFh,0110h-016Fh,0190h-01EFh \
  -AABS1=020h-07Fh,0A0h-0EFh,0110h-016Fh,0190h-01EFh -ASFR0=00h-01Fh \
  -ASFR1=080h-09Fh -ASFR2=0100h-010Fh -ASFR3=0180h-018Fh \
  -ACONFIG=02007h-02008h -DCONFIG=2 -AIDLOC=02000h-02003h -DIDLOC=2 \
  -AEEDATA=00h-0FFh/02100h -peeprom_data=EEDATA -DEEDATA=2 -DCODE=2 \
  -DSTRCODE=2 -DSTRING=2 -DCONST=2 -DENTRY=2 \
  -preset_vec=00h,intentry,init,end_init -ppowerup=CODE -pcinit=CODE \
  -pfunctab=ENTRY -k C:\Users\AlejandroRodriguez\AppData\Local\Temp\s8js.o \
  dist/default/production\fisicolab3master.X.production.o 

Object code version is 3.11

Machine type is 16F887



                Name                               Link     Load   Length Selector   Space Scale
C:\Users\AlejandroRodriguez\AppData\Local\Temp\s8js.o
                end_init                              0        0        3        0       0
                config                             2007     2007        2        0       4
dist/default/production\fisicolab3master.X.production.o
                cinit                               7F3      7F3        D      FE6       0
                config                             2007     2007        2        0       4
                text10                              532      532       10      A64       0
                text9                               558      558       1F      AB0       0
                text8                               542      542       16      A84       0
                text7                               577      577       38      AEE       0
                text6                               51A      51A        7      A34       0
                text5                               529      529        9      A52       0
                text4                               514      514        6      A28       0
                text3                               5E9      5E9       44      BD2       0
                text2                               5AF      5AF       3A      B5E       0
                text1                               70B      70B       E8      E16       0
                maintext                            62D      62D       DE      C5A       0
                cstackBANK0                          20       20       18       20       1
                cstackCOMMON                         70       70        E       70       1
                clrtext                             521      521        8      A42       0
                bssBANK0                             38       38       12       20       1
                strings                               3        3       2B        6       0

TOTAL           Name                               Link     Load   Length     Space
        CLASS   STACK          

        CLASS   CODE           
                end_init                              0        0        3         0
                cinit                               7F3      7F3        D         0
                text10                              532      532       10         0
                text9                               558      558       1F         0
                text8                               542      542       16         0
                text7                               577      577       38         0
                text6                               51A      51A        7         0
                text5                               529      529        9         0
                text4                               514      514        6         0
                text3                               5E9      5E9       44         0
                text2                               5AF      5AF       3A         0
                text1                               70B      70B       E8         0
                maintext                            62D      62D       DE         0
                clrtext                             521      521        8         0

        CLASS   STRCODE        

        CLASS   STRING         
                strings                               3        3       2B         0

        CLASS   CONST          

        CLASS   ENTRY          

        CLASS   COMMON         
                cstackCOMMON                         70       70        E         1

        CLASS   BANK0          
                cstackBANK0                          20       20       18         1
                bssBANK0                             38       38       12         1

        CLASS   BANK1          

        CLASS   BANK2          

        CLASS   BANK3          

        CLASS   RAM            

        CLASS   ABS1           
                abs_s1                               7E       7E        2         1

        CLASS   SFR0           

        CLASS   SFR1           

        CLASS   SFR2           

        CLASS   SFR3           

        CLASS   CONFIG         
                config                             2007     2007        2         4

        CLASS   IDLOC          

        CLASS   EEDATA         



SEGMENTS        Name                           Load    Length   Top    Selector   Space  Class     Delta

                reset_vec                      000000  000003  000003         0       0  CODE        2
                strings                        000003  00002B  00002E         6       0  STRING      2
                cstackBANK0                    000020  00002A  00004A        20       1  BANK0       1
                cstackCOMMON                   000070  00000E  00007E        70       1  COMMON      1
                text4                          000514  000006  00051A       A28       0  CODE        2
                text6                          00051A  000007  000521       A34       0  CODE        2
                clrtext                        000521  000008  000529       A42       0  CODE        2
                text5                          000529  000009  000532       A52       0  CODE        2
                text10                         000532  000010  000542       A64       0  CODE        2
                text8                          000542  000016  000558       A84       0  CODE        2
                text9                          000558  00001F  000577       AB0       0  CODE        2
                text7                          000577  000038  0005AF       AEE       0  CODE        2
                text2                          0005AF  00003A  0005E9       B5E       0  CODE        2
                text3                          0005E9  000044  00062D       BD2       0  CODE        2
                maintext                       00062D  0000DE  00070B       C5A       0  CODE        2
                text1                          00070B  0000E8  0007F3       E16       0  CODE        2
                cinit                          0007F3  00000D  000800       FE6       0  CODE        2


UNUSED ADDRESS RANGES

        Name                Unused          Largest block    Delta
        BANK0            004A-006F             26           1
        BANK1            00A0-00EF             50           1
        BANK2            0110-016F             60           1
        BANK3            0190-01EF             60           1
        CODE             002E-0513            4E6           2
                         0800-1FFF            800
        CONST            002E-0513            100           2
                         0800-1FFF            100
        EEDATA           2100-21FF            100           2
        ENTRY            002E-0513            100           2
                         0800-1FFF            100
        IDLOC            2000-2003              4           2
        RAM              004A-006F             26           1
                         00A0-00EF             50
                         0110-016F             60
                         0190-01EF             60
        SFR0             0000-001F             20           1
        SFR1             0080-009F             20           1
        SFR2             0100-010F             10           1
        SFR3             0180-018F             10           1
        STACK            0110-016F             60           1
        STRCODE          002E-0513            4E6           2
                         0800-1FFF           1800
        STRING           002E-0513            100           2
                         0800-1FFF            100

                                  Symbol Table

?___lwdiv                cstackCOMMON 0070
?___lwmod                cstackCOMMON 0078
?_sprintf                cstackBANK0  0020
_ANSELH                  (abs)        0189
_BAUDCTLbits             (abs)        0187
_EEADR                   (abs)        010D
_EECON1bits              (abs)        018C
_EECON2                  (abs)        018D
_EEDAT                   (abs)        010C
_INTCONbits              (abs)        000B
_OSCCONbits              (abs)        008F
_PIR1bits                (abs)        000C
_PIR2bits                (abs)        000D
_PORTA                   (abs)        0005
_PORTB                   (abs)        0006
_PORTC                   (abs)        0007
_PORTCbits               (abs)        0007
_PORTD                   (abs)        0008
_PORTE                   (abs)        0009
_PORTEbits               (abs)        0009
_RCREG                   (abs)        001A
_RCSTAbits               (abs)        0018
_SPBRG                   (abs)        0099
_SPBRGH                  (abs)        009A
_SSPBUF                  (abs)        0013
_SSPCON                  (abs)        0014
_SSPSTAT                 (abs)        0094
_SSPSTATbits             (abs)        0094
_TRISA                   (abs)        0085
_TRISB                   (abs)        0086
_TRISC                   (abs)        0087
_TRISC3                  (abs)        043B
_TRISC5                  (abs)        043D
_TRISD                   (abs)        0088
_TRISE                   (abs)        0089
_TXREG                   (abs)        0019
_TXSTAbits               (abs)        0098
__Habs1                  abs1         0000
__Hbank0                 bank0        0000
__Hbank1                 bank1        0000
__Hbank2                 bank2        0000
__Hbank3                 bank3        0000
__HbssBANK0              bssBANK0     0000
__Hcinit                 cinit        0800
__Hclrtext               clrtext      0000
__Hcode                  code         0000
__Hcommon                common       0000
__Hconfig                config       2009
__HcstackBANK0           cstackBANK0  0000
__HcstackCOMMON          cstackCOMMON 0000
__Heeprom_data           eeprom_data  0000
__Hend_init              end_init     0003
__Hfunctab               functab      0000
__Hinit                  init         0000
__Hintentry              intentry     0000
__Hmaintext              maintext     0000
__Hpowerup               powerup      0000
__Hram                   ram          0000
__Hreset_vec             reset_vec    0000
__Hsfr0                  sfr0         0000
__Hsfr1                  sfr1         0000
__Hsfr2                  sfr2         0000
__Hsfr3                  sfr3         0000
__Hspace_0               (abs)        0800
__Hspace_1               (abs)        007E
__Hspace_2               (abs)        0000
__Hspace_3               (abs)        0000
__Hspace_4               (abs)        4010
__Hstack                 stack        0000
__Hstrings               strings      0000
__Htext                  text         0000
__Labs1                  abs1         0000
__Lbank0                 bank0        0000
__Lbank1                 bank1        0000
__Lbank2                 bank2        0000
__Lbank3                 bank3        0000
__LbssBANK0              bssBANK0     0000
__Lcinit                 cinit        07F3
__Lclrtext               clrtext      0000
__Lcode                  code         0000
__Lcommon                common       0000
__Lconfig                config       0000
__LcstackBANK0           cstackBANK0  0000
__LcstackCOMMON          cstackCOMMON 0000
__Leeprom_data           eeprom_data  0000
__Lend_init              end_init     0000
__Lfunctab               functab      0000
__Linit                  init         0000
__Lintentry              intentry     0000
__Lmaintext              maintext     0000
__Lpowerup               powerup      0000
__Lram                   ram          0000
__Lreset_vec             reset_vec    0000
__Lsfr0                  sfr0         0000
__Lsfr1                  sfr1         0000
__Lsfr2                  sfr2         0000
__Lsfr3                  sfr3         0000
__Lspace_0               (abs)        0000
__Lspace_1               (abs)        0000
__Lspace_2               (abs)        0000
__Lspace_3               (abs)        0000
__Lspace_4               (abs)        0000
__Lstack                 stack        0000
__Lstrings               strings      0000
__Ltext                  text         0000
__S0                     (abs)        0800
__S1                     (abs)        007E
__S2                     (abs)        0000
__S3                     (abs)        0000
___int_sp                stack        0000
___latbits               (abs)        0002
___lwdiv                 text3        05E9
___lwdiv@counter         cstackCOMMON 0077
___lwdiv@dividend        cstackCOMMON 0072
___lwdiv@divisor         cstackCOMMON 0070
___lwdiv@quotient        cstackCOMMON 0075
___lwmod                 text2        05AF
___lwmod@counter         cstackCOMMON 007D
___lwmod@dividend        cstackCOMMON 007A
___lwmod@divisor         cstackCOMMON 0078
___sp                    stack        0000
___stackhi               (abs)        0000
___stacklo               (abs)        0000
__end_of___lwdiv         text3        062D
__end_of___lwmod         text2        05E9
__end_of__initialization cinit        07FC
__end_of__stringtab      strings      0009
__end_of_dpowers         strings      0013
__end_of_enviocadena     text9        0577
__end_of_enviocaracter   text10       0542
__end_of_main            maintext     070B
__end_of_setup           text7        05AF
__end_of_spiInit         text8        0558
__end_of_spiRead         text5        0532
__end_of_spiReceiveWait  text6        0521
__end_of_spiWrite        text4        051A
__end_of_sprintf         text1        07F3
__initialization         cinit        07F3
__pbssBANK0              bssBANK0     0038
__pcstackBANK0           cstackBANK0  0020
__pcstackCOMMON          cstackCOMMON 0070
__pmaintext              maintext     062D
__pstrings               strings      0003
__ptext1                 text1        070B
__ptext10                text10       0532
__ptext2                 text2        05AF
__ptext3                 text3        05E9
__ptext4                 text4        0514
__ptext5                 text5        0529
__ptext6                 text6        051A
__ptext7                 text7        0577
__ptext8                 text8        0542
__ptext9                 text9        0558
__size_of___lwdiv        (abs)        0000
__size_of___lwmod        (abs)        0000
__size_of_enviocadena    (abs)        0000
__size_of_enviocaracter  (abs)        0000
__size_of_main           (abs)        0000
__size_of_setup          (abs)        0000
__size_of_spiInit        (abs)        0000
__size_of_spiRead        (abs)        0000
__size_of_spiReceiveWait (abs)        0000
__size_of_spiWrite       (abs)        0000
__size_of_sprintf        (abs)        0000
__stringbase             strings      0008
__stringtab              strings      0003
_dpowers                 strings      0009
_dummydata               bssBANK0     0039
_enviocadena             text9        0558
_enviocaracter           text10       0532
_main                    maintext     062D
_pc                      bssBANK0     0038
_setup                   text7        0577
_spiInit                 text8        0542
_spiRead                 text5        0529
_spiReceiveWait          text6        051A
_spiWrite                text4        0514
_sprintf                 text1        070B
_term                    bssBANK0     003A
btemp                    (abs)        007E
clear_ram0               clrtext      0521
end_of_initialization    cinit        07FC
enviocadena@cadena       cstackCOMMON 0072
enviocaracter@a          cstackCOMMON 0070
intlevel0                functab      0000
intlevel1                functab      0000
intlevel2                functab      0000
intlevel3                functab      0000
intlevel4                functab      0000
intlevel5                functab      0000
reset_vec                reset_vec    0000
spiInit@sClockIdle       cstackCOMMON 0071
spiInit@sDataSample      cstackCOMMON 0070
spiInit@sTransmitEdge    cstackCOMMON 0072
spiInit@sType            cstackCOMMON 0073
spiWrite@dat             cstackCOMMON 0070
sprintf@ap               cstackBANK0  002A
sprintf@c                cstackBANK0  0030
sprintf@f                cstackBANK0  0020
sprintf@flag             cstackBANK0  002B
sprintf@prec             cstackBANK0  002C
sprintf@sp               cstackBANK0  002F
sprintf@val              cstackBANK0  002D
start                    init         0000
start_initialization     cinit        07F3
wtemp0                   (abs)        007E


FUNCTION INFORMATION:

 *************** function _main *****************
 Defined at:
		line 53 in file "fisicolab3master.c"
 Parameters:    Size  Location     Type
		None
 Auto vars:     Size  Location     Type
		None
 Return value:  Size  Location     Type
                  1    wreg      void 
 Registers used:
		wreg, fsr0l, fsr0h, status,2, status,0, btemp+1, pclath, cstack
 Tracked objects:
		On entry : 
		On exit  : 
		Unchanged: 
 Data sizes:     COMMON   BANK0   BANK1   BANK3   BANK2
      Params:         0       0       0       0       0
      Locals:         0       0       0       0       0
      Temps:          0       7       0       0       0
      Totals:         0       7       0       0       0
Total ram usage:        7 bytes
 Hardware stack levels required when called:    2
 This function calls:
		_enviocadena
		_setup
		_spiRead
		_spiWrite
		_sprintf
 This function is called by:
		Startup code after reset
 This function uses a non-reentrant model


 *************** function _sprintf *****************
 Defined at:
		line 505 in file "C:\Program Files\Microchip\xc8\v2.31\pic\sources\c90\common\doprnt.c"
 Parameters:    Size  Location     Type
  sp              1    wreg     PTR unsigned char 
		 -> term(16), 
  f               1    0[BANK0 ] PTR const unsigned char 
		 -> STR_1(27), 
 Auto vars:     Size  Location     Type
  sp              1   15[BANK0 ] PTR unsigned char 
		 -> term(16), 
  tmpval          4    0        struct .
  val             2   13[BANK0 ] unsigned int 
  cp              2    0        PTR const unsigned char 
  len             2    0        unsigned int 
  c               1   16[BANK0 ] unsigned char 
  prec            1   12[BANK0 ] char 
  flag            1   11[BANK0 ] unsigned char 
  ap              1   10[BANK0 ] PTR void [1]
		 -> ?_sprintf(2), 
 Return value:  Size  Location     Type
                  2    0[BANK0 ] int 
 Registers used:
		wreg, fsr0l, fsr0h, status,2, status,0, btemp+1, pclath, cstack
 Tracked objects:
		On entry : 
		On exit  : 
		Unchanged: 
 Data sizes:     COMMON   BANK0   BANK1   BANK3   BANK2
      Params:         0       7       0       0       0
      Locals:         0       7       0       0       0
      Temps:          0       3       0       0       0
      Totals:         0      17       0       0       0
Total ram usage:       17 bytes
 Hardware stack levels used:    1
 Hardware stack levels required when called:    1
 This function calls:
		___lwdiv
		___lwmod
 This function is called by:
		_main
 This function uses a non-reentrant model


 *************** function ___lwmod *****************
 Defined at:
		line 5 in file "C:\Program Files\Microchip\xc8\v2.31\pic\sources\c90\common\lwmod.c"
 Parameters:    Size  Location     Type
  divisor         2    8[COMMON] unsigned int 
  dividend        2   10[COMMON] unsigned int 
 Auto vars:     Size  Location     Type
  counter         1   13[COMMON] unsigned char 
 Return value:  Size  Location     Type
                  2    8[COMMON] unsigned int 
 Registers used:
		wreg, status,2, status,0
 Tracked objects:
		On entry : 
		On exit  : 
		Unchanged: 
 Data sizes:     COMMON   BANK0   BANK1   BANK3   BANK2
      Params:         4       0       0       0       0
      Locals:         1       0       0       0       0
      Temps:          1       0       0       0       0
      Totals:         6       0       0       0       0
Total ram usage:        6 bytes
 Hardware stack levels used:    1
 This function calls:
		Nothing
 This function is called by:
		_sprintf
 This function uses a non-reentrant model


 *************** function ___lwdiv *****************
 Defined at:
		line 5 in file "C:\Program Files\Microchip\xc8\v2.31\pic\sources\c90\common\lwdiv.c"
 Parameters:    Size  Location     Type
  divisor         2    0[COMMON] unsigned int 
  dividend        2    2[COMMON] unsigned int 
 Auto vars:     Size  Location     Type
  quotient        2    5[COMMON] unsigned int 
  counter         1    7[COMMON] unsigned char 
 Return value:  Size  Location     Type
                  2    0[COMMON] unsigned int 
 Registers used:
		wreg, status,2, status,0
 Tracked objects:
		On entry : 
		On exit  : 
		Unchanged: 
 Data sizes:     COMMON   BANK0   BANK1   BANK3   BANK2
      Params:         4       0       0       0       0
      Locals:         3       0       0       0       0
      Temps:          1       0       0       0       0
      Totals:         8       0       0       0       0
Total ram usage:        8 bytes
 Hardware stack levels used:    1
 This function calls:
		Nothing
 This function is called by:
		_sprintf
 This function uses a non-reentrant model


 *************** function _spiWrite *****************
 Defined at:
		line 34 in file "SPI.c"
 Parameters:    Size  Location     Type
  dat             1    wreg     unsigned char 
 Auto vars:     Size  Location     Type
  dat             1    0[COMMON] unsigned char 
 Return value:  Size  Location     Type
                  1    wreg      void 
 Registers used:
		wreg
 Tracked objects:
		On entry : 
		On exit  : 
		Unchanged: 
 Data sizes:     COMMON   BANK0   BANK1   BANK3   BANK2
      Params:         0       0       0       0       0
      Locals:         1       0       0       0       0
      Temps:          0       0       0       0       0
      Totals:         1       0       0       0       0
Total ram usage:        1 bytes
 Hardware stack levels used:    1
 This function calls:
		Nothing
 This function is called by:
		_main
 This function uses a non-reentrant model


 *************** function _spiRead *****************
 Defined at:
		line 47 in file "SPI.c"
 Parameters:    Size  Location     Type
		None
 Auto vars:     Size  Location     Type
		None
 Return value:  Size  Location     Type
                  1    wreg      unsigned char 
 Registers used:
		wreg, status,2, status,0, pclath, cstack
 Tracked objects:
		On entry : 
		On exit  : 
		Unchanged: 
 Data sizes:     COMMON   BANK0   BANK1   BANK3   BANK2
      Params:         0       0       0       0       0
      Locals:         0       0       0       0       0
      Temps:          0       0       0       0       0
      Totals:         0       0       0       0       0
Total ram usage:        0 bytes
 Hardware stack levels used:    1
 Hardware stack levels required when called:    1
 This function calls:
		_spiReceiveWait
 This function is called by:
		_main
 This function uses a non-reentrant model


 *************** function _spiReceiveWait *****************
 Defined at:
		line 29 in file "SPI.c"
 Parameters:    Size  Location     Type
		None
 Auto vars:     Size  Location     Type
		None
 Return value:  Size  Location     Type
                  1    wreg      void 
 Registers used:
		None
 Tracked objects:
		On entry : 
		On exit  : 
		Unchanged: 
 Data sizes:     COMMON   BANK0   BANK1   BANK3   BANK2
      Params:         0       0       0       0       0
      Locals:         0       0       0       0       0
      Temps:          0       0       0       0       0
      Totals:         0       0       0       0       0
Total ram usage:        0 bytes
 Hardware stack levels used:    1
 This function calls:
		Nothing
 This function is called by:
		_spiRead
 This function uses a non-reentrant model


 *************** function _setup *****************
 Defined at:
		line 115 in file "fisicolab3master.c"
 Parameters:    Size  Location     Type
		None
 Auto vars:     Size  Location     Type
		None
 Return value:  Size  Location     Type
                  1    wreg      void 
 Registers used:
		wreg, status,2, status,0, pclath, cstack
 Tracked objects:
		On entry : 
		On exit  : 
		Unchanged: 
 Data sizes:     COMMON   BANK0   BANK1   BANK3   BANK2
      Params:         0       0       0       0       0
      Locals:         0       0       0       0       0
      Temps:          0       0       0       0       0
      Totals:         0       0       0       0       0
Total ram usage:        0 bytes
 Hardware stack levels used:    1
 Hardware stack levels required when called:    1
 This function calls:
		_spiInit
 This function is called by:
		_main
 This function uses a non-reentrant model


 *************** function _spiInit *****************
 Defined at:
		line 12 in file "SPI.c"
 Parameters:    Size  Location     Type
  sType           1    wreg     enum E1264
  sDataSample     1    0[COMMON] enum E1272
  sClockIdle      1    1[COMMON] enum E1276
  sTransmitEdg    1    2[COMMON] enum E1280
 Auto vars:     Size  Location     Type
  sType           1    3[COMMON] enum E1264
 Return value:  Size  Location     Type
                  1    wreg      void 
 Registers used:
		wreg, status,2, status,0
 Tracked objects:
		On entry : 
		On exit  : 
		Unchanged: 
 Data sizes:     COMMON   BANK0   BANK1   BANK3   BANK2
      Params:         3       0       0       0       0
      Locals:         1       0       0       0       0
      Temps:          0       0       0       0       0
      Totals:         4       0       0       0       0
Total ram usage:        4 bytes
 Hardware stack levels used:    1
 This function calls:
		Nothing
 This function is called by:
		_setup
 This function uses a non-reentrant model


 *************** function _enviocadena *****************
 Defined at:
		line 44 in file "usart.c"
 Parameters:    Size  Location     Type
  cadena          1    wreg     PTR unsigned char 
		 -> term(16), 
 Auto vars:     Size  Location     Type
  cadena          1    2[COMMON] PTR unsigned char 
		 -> term(16), 
 Return value:  Size  Location     Type
                  1    wreg      void 
 Registers used:
		wreg, fsr0l, fsr0h, status,2, status,0, pclath, cstack
 Tracked objects:
		On entry : 
		On exit  : 
		Unchanged: 
 Data sizes:     COMMON   BANK0   BANK1   BANK3   BANK2
      Params:         0       0       0       0       0
      Locals:         1       0       0       0       0
      Temps:          1       0       0       0       0
      Totals:         2       0       0       0       0
Total ram usage:        2 bytes
 Hardware stack levels used:    1
 Hardware stack levels required when called:    1
 This function calls:
		_enviocaracter
 This function is called by:
		_main
 This function uses a non-reentrant model


 *************** function _enviocaracter *****************
 Defined at:
		line 35 in file "usart.c"
 Parameters:    Size  Location     Type
  a               1    wreg     unsigned char 
 Auto vars:     Size  Location     Type
  a               1    0[COMMON] unsigned char 
 Return value:  Size  Location     Type
                  1    wreg      void 
 Registers used:
		wreg
 Tracked objects:
		On entry : 
		On exit  : 
		Unchanged: 
 Data sizes:     COMMON   BANK0   BANK1   BANK3   BANK2
      Params:         0       0       0       0       0
      Locals:         1       0       0       0       0
      Temps:          0       0       0       0       0
      Totals:         1       0       0       0       0
Total ram usage:        1 bytes
 Hardware stack levels used:    1
 This function calls:
		Nothing
 This function is called by:
		_enviocadena
 This function uses a non-reentrant model



MODULE INFORMATION

Module		Function		Class		Link	Load	Size
C:\Program Files\Microchip\xc8\v2.31\pic\sources\c90\common\doprnt.c
		_sprintf       		CODE           	070B	0000	232

C:\Program Files\Microchip\xc8\v2.31\pic\sources\c90\common\doprnt.c estimated size: 232

C:\Program Files\Microchip\xc8\v2.31\pic\sources\c90\common\lwmod.c
		___lwmod       		CODE           	05AF	0000	58

C:\Program Files\Microchip\xc8\v2.31\pic\sources\c90\common\lwmod.c estimated size: 58

usart.c
		_enviocadena   		CODE           	0558	0000	31
		_enviocaracter 		CODE           	0532	0000	16

usart.c estimated size: 47

fisicolab3master.c
		_main          		CODE           	062D	0000	222
		_setup         		CODE           	0577	0000	56

fisicolab3master.c estimated size: 278

C:\Program Files\Microchip\xc8\v2.31\pic\sources\c90\common\lwdiv.c
		___lwdiv       		CODE           	05E9	0000	68

C:\Program Files\Microchip\xc8\v2.31\pic\sources\c90\common\lwdiv.c estimated size: 68

shared
		__stringtab    		STRING         	0003	0000	6
		_dpowers       		STRING         	0009	0000	10
		__initialization		CODE           	07F3	0000	9

shared estimated size: 25

SPI.c
		_spiWrite      		CODE           	0514	0000	6
		_spiInit       		CODE           	0542	0000	22
		_spiReceiveWait		CODE           	051A	0000	7
		_spiRead       		CODE           	0529	0000	9

SPI.c estimated size: 44

