Microchip MPLAB XC8 Compiler V2.32

Linker command line:

-W-3 --edf=C:\Program Files\Microchip\xc8\v2.32\pic\dat\en_msgs.txt -cn \
  -h+dist/default/production\lab2.X.production.sym \
  --cmf=dist/default/production\lab2.X.production.cmf -z -Q16F887 \
  -oC:\Users\GUILLE~1\AppData\Local\Temp\xcAsbng.4 --defsym=__MPLAB_BUILD=1 \
  -Mdist/default/production/lab2.X.production.map -E1 -ver=XC8 Compiler \
  --acfsm=1493 -ASTACK=0110h-016Fh -pstack=STACK -ACODE=00h-07FFhx4 \
  -ASTRCODE=00h-01FFFh -ASTRING=00h-0FFhx32 -ACONST=00h-0FFhx32 \
  -AENTRY=00h-0FFhx32 -ACOMMON=070h-07Fh -ABANK0=020h-06Fh \
  -ABANK1=0A0h-0EFh -ABANK2=0110h-016Fh -ABANK3=0190h-01EFh \
  -ARAM=020h-06Fh,0A0h-0EFh,0110h-016Fh,0190h-01EFh \
  -AABS1=020h-07Fh,0A0h-0EFh,0110h-016Fh,0190h-01EFh -ASFR0=00h-01Fh \
  -ASFR1=080h-09Fh -ASFR2=0100h-010Fh -ASFR3=0180h-018Fh \
  -ACONFIG=02007h-02008h -DCONFIG=2 -AIDLOC=02000h-02003h -DIDLOC=2 \
  -AEEDATA=00h-0FFh/02100h -peeprom_data=EEDATA -DEEDATA=2 -DCODE=2 \
  -DSTRCODE=2 -DSTRING=2 -DCONST=2 -DENTRY=2 \
  -preset_vec=00h,intentry=04h,init,end_init -ppowerup=CODE -pcinit=CODE \
  -pfunctab=ENTRY -k C:\Users\GUILLE~1\AppData\Local\Temp\xcAsbng.o \
  dist/default/production\lab2.X.production.o 

Object code version is 3.11

Machine type is 16F887



                Name                               Link     Load   Length Selector   Space Scale
C:\Users\GUILLE~1\AppData\Local\Temp\xcAsbng.o
                end_init                              C        C        3        8       0
                reset_vec                             0        0        3        0       0
                config                             2007     2007        2        0       4
dist/default/production\lab2.X.production.o
                cinit                                 F        F        E        8       0
                intentry                              4        4        8        8       0
                text1_split_1                        1D       1D      5BC        8       0
                config                             2007     2007        2        0       4
                text38                             18CF     18CF        8     319E       0
                text37                             19FD     19FD       32     33FA       0
                text36                             1A69     1A69       3E     34D2       0
                text35                             1911     1911       1C     3222       0
                text34                             1AA7     1AA7       44     354E       0
                text33                             18DF     18DF        A     31BE       0
                text32                             192D     192D       1E     325A       0
                text31                             18CA     18CA        5     3194       0
                text30                             194B     194B       1E     3296       0
                text29                              853      853       E9     10A6       0
                text28                             1969     1969       20     32D2       0
                text27                             1C30     1C30       66     3860       0
                text26                             18D7     18D7        8     31AE       0
                text25                             1901     1901       10     3202       0
                text24                             19AE     19AE       26     335C       0
                text23                             18F4     18F4        D     31E8       0
                text22                             1B31     1B31       50     3662       0
                text21                             1DE3     1DE3       A4     3BC6       0
                text20                             18E9     18E9        B     31D2       0
                text19                             12C2     12C2      288     2584       0
                text18                              803      803       50     1006       0
                text17                             1D67     1D67       7C     3ACE       0
                text16                             1C96     1C96       68     392C       0
                text15                             1B81     1B81       56     3702       0
                text14                             1989     1989       25     3312       0
                text13                             1E87     1E87       BC     3D0E       0
                text12                             10C2     10C2       C0     2184       0
                text11                             1F43     1F43       BD     3E86       0
                text10                             19D4     19D4       29     33A8       0
                text9                               93C      93C      361     1278       0
                text8                              1AEB     1AEB       46     35D6       0
                text7                              1A2F     1A2F       3A     345E       0
                text6                               5D9      5D9      20D        8       0
                text5                               7E6      7E6       12        8       0
                text4                              1CFE     1CFE       69     39FC       0
                text3                              1BD7     1BD7       59     37AE       0
                text2                               C9D      C9D      363     193A       0
                text1                              154A     154A      2B6     2A94       0
                maintext                           1182     1182      140     2304       0
                cstackBANK0                          20       20       50       20       1
                cstackCOMMON                         70       70        A       70       1
                cstackBANK1                          A0       A0       31       A0       1
                clrtext                             7F8      7F8        8        8       0
                bssBANK1                             D1       D1       1F       A0       1
                bssCOMMON                            7A       7A        1       70       1
                strings                            1000     1000       BE     2000       0

TOTAL           Name                               Link     Load   Length     Space
        CLASS   STACK          

        CLASS   CODE           
                end_init                              C        C        3         0
                cinit                                 F        F        E         0
                intentry                              4        4        8         0
                reset_vec                             0        0        3         0
                text1_split_1                        1D       1D      5BC         0
                text38                             18CF     18CF        8         0
                text37                             19FD     19FD       32         0
                text36                             1A69     1A69       3E         0
                text35                             1911     1911       1C         0
                text34                             1AA7     1AA7       44         0
                text33                             18DF     18DF        A         0
                text32                             192D     192D       1E         0
                text31                             18CA     18CA        5         0
                text30                             194B     194B       1E         0
                text29                              853      853       E9         0
                text28                             1969     1969       20         0
                text27                             1C30     1C30       66         0
                text26                             18D7     18D7        8         0
                text25                             1901     1901       10         0
                text24                             19AE     19AE       26         0
                text23                             18F4     18F4        D         0
                text22                             1B31     1B31       50         0
                text21                             1DE3     1DE3       A4         0
                text20                             18E9     18E9        B         0
                text19                             12C2     12C2      288         0
                text18                              803      803       50         0
                text17                             1D67     1D67       7C         0
                text16                             1C96     1C96       68         0
                text15                             1B81     1B81       56         0
                text14                             1989     1989       25         0
                text13                             1E87     1E87       BC         0
                text12                             10C2     10C2       C0         0
                text11                             1F43     1F43       BD         0
                text10                             19D4     19D4       29         0
                text9                               93C      93C      361         0
                text8                              1AEB     1AEB       46         0
                text7                              1A2F     1A2F       3A         0
                text6                               5D9      5D9      20D         0
                text5                               7E6      7E6       12         0
                text4                              1CFE     1CFE       69         0
                text3                              1BD7     1BD7       59         0
                text2                               C9D      C9D      363         0
                text1                              154A     154A      2B6         0
                maintext                           1182     1182      140         0
                clrtext                             7F8      7F8        8         0

        CLASS   STRCODE        

        CLASS   STRING         
                strings                            1000     1000       BE         0

        CLASS   CONST          

        CLASS   ENTRY          

        CLASS   COMMON         
                cstackCOMMON                         70       70        A         1
                bssCOMMON                            7A       7A        1         1

        CLASS   BANK0          
                cstackBANK0                          20       20       50         1

        CLASS   BANK1          
                cstackBANK1                          A0       A0       31         1
                bssBANK1                             D1       D1       1F         1

        CLASS   BANK2          

        CLASS   BANK3          

        CLASS   RAM            

        CLASS   ABS1           
                abs_s1                               7E       7E        2         1

        CLASS   SFR0           

        CLASS   SFR1           

        CLASS   SFR2           

        CLASS   SFR3           

        CLASS   CONFIG         
                config                             2007     2007        2         4

        CLASS   IDLOC          

        CLASS   EEDATA         



SEGMENTS        Name                           Load    Length   Top    Selector   Space  Class     Delta

                reset_vec                      000000  000003  000003         0       0  CODE        2
                intentry                       000004  0007FC  000800         8       0  CODE        2
                cstackBANK0                    000020  000050  000070        20       1  BANK0       1
                cstackCOMMON                   000070  00000B  00007B        70       1  COMMON      1
                cstackBANK1                    0000A0  000050  0000F0        A0       1  BANK1       1
                text18                         000803  000050  000853      1006       0  CODE        2
                text29                         000853  0000E9  00093C      10A6       0  CODE        2
                text9                          00093C  000361  000C9D      1278       0  CODE        2
                text2                          000C9D  000363  001000      193A       0  CODE        2
                strings                        001000  0000BE  0010BE      2000       0  STRING      2
                text12                         0010C2  0000C0  001182      2184       0  CODE        2
                maintext                       001182  000140  0012C2      2304       0  CODE        2
                text19                         0012C2  000288  00154A      2584       0  CODE        2
                text1                          00154A  0002B6  001800      2A94       0  CODE        2
                text31                         0018CA  000005  0018CF      3194       0  CODE        2
                text38                         0018CF  000008  0018D7      319E       0  CODE        2
                text26                         0018D7  000008  0018DF      31AE       0  CODE        2
                text33                         0018DF  00000A  0018E9      31BE       0  CODE        2
                text20                         0018E9  00000B  0018F4      31D2       0  CODE        2
                text23                         0018F4  00000D  001901      31E8       0  CODE        2
                text25                         001901  000010  001911      3202       0  CODE        2
                text35                         001911  00001C  00192D      3222       0  CODE        2
                text32                         00192D  00001E  00194B      325A       0  CODE        2
                text30                         00194B  00001E  001969      3296       0  CODE        2
                text28                         001969  000020  001989      32D2       0  CODE        2
                text14                         001989  000025  0019AE      3312       0  CODE        2
                text24                         0019AE  000026  0019D4      335C       0  CODE        2
                text10                         0019D4  000029  0019FD      33A8       0  CODE        2
                text37                         0019FD  000032  001A2F      33FA       0  CODE        2
                text7                          001A2F  00003A  001A69      345E       0  CODE        2
                text36                         001A69  00003E  001AA7      34D2       0  CODE        2
                text34                         001AA7  000044  001AEB      354E       0  CODE        2
                text8                          001AEB  000046  001B31      35D6       0  CODE        2
                text22                         001B31  000050  001B81      3662       0  CODE        2
                text15                         001B81  000056  001BD7      3702       0  CODE        2
                text3                          001BD7  000059  001C30      37AE       0  CODE        2
                text27                         001C30  000066  001C96      3860       0  CODE        2
                text16                         001C96  000068  001CFE      392C       0  CODE        2
                text4                          001CFE  000069  001D67      39FC       0  CODE        2
                text17                         001D67  00007C  001DE3      3ACE       0  CODE        2
                text21                         001DE3  0000A4  001E87      3BC6       0  CODE        2
                text13                         001E87  0000BC  001F43      3D0E       0  CODE        2
                text11                         001F43  0000BD  002000      3E86       0  CODE        2


UNUSED ADDRESS RANGES

        Name                Unused          Largest block    Delta
        BANK2            00110-0016F              60           1
        BANK3            00190-001EF              60           1
        CODE             00003-00003               1           2
                         00800-00802               3
                         010BE-010C1               4
                         01800-018C9              CA
        COMMON           0007B-0007D               3           1
        CONST            00003-00003               1           2
                         00800-00802               3
                         010BE-010C1               4
                         01800-018C9              CA
        EEDATA           02100-021FF             100           2
        ENTRY            00003-00003               1           2
                         00800-00802               3
                         010BE-010C1               4
                         01800-018C9              CA
        IDLOC            02000-02003               4           2
        RAM              00110-0016F              60           1
                         00190-001EF              60
        SFR0             00000-0001F              20           1
        SFR1             00080-0009F              20           1
        SFR2             00100-0010F              10           1
        SFR3             00180-0018F              10           1
        STACK            00110-0016F              60           1
        STRCODE          00003-00003               1           2
                         00800-00802               3
                         010BE-010C1               4
                         01800-018C9              CA
        STRING           00003-00003               1           2
                         00800-00802               3
                         010BE-010C1               4
                         01800-018C9              CA

                                  Symbol Table

?__Umul8_16              cstackCOMMON 00073
?___awdiv                cstackBANK0  00020
?___awmod                cstackCOMMON 00073
?___fladd                cstackBANK0  00058
?___flmul                cstackBANK0  0002A
?___flneg                cstackCOMMON 00073
?___flsub                cstackBANK1  000A0
?___fltol                cstackBANK0  00057
?___lldiv                cstackBANK0  00020
?___llmod                cstackBANK0  00028
?___lwdiv                cstackBANK0  00020
?___lwmod                cstackCOMMON 00073
?___wmul                 cstackCOMMON 00073
?___xxtofl               cstackCOMMON 00073
?__div_to_l_             cstackBANK0  00020
?__tdiv_to_l_            cstackBANK0  00020
?_fround                 cstackBANK0  00044
?_scale                  cstackBANK0  00044
?_sprintf                cstackBANK1  000A8
CMDs@a                   cstackCOMMON 00076
ESC@a                    cstackCOMMON 00073
ESCLCD@a                 cstackCOMMON 00076
ESCLCD@i                 cstackCOMMON 00078
ESCString@a              cstackCOMMON 00075
ESCString@i              cstackCOMMON 00076
ESCchar@a                cstackCOMMON 00075
_ADCON0bits              (abs)        0001F
_ADCON1                  (abs)        0009F
_ADRESH                  (abs)        0001E
_ANSEL                   (abs)        00188
_ANSELH                  (abs)        00189
_ANSELHbits              (abs)        00189
_ANSELbits               (abs)        00188
_BAUDCTLbits             (abs)        00187
_BUFFER                  bssBANK1     000DC
_CMDs                    text28       01969
_ESC                     text33       018DF
_ESCLCD                  text34       01AA7
_ESCString               text32       0192D
_ESCchar                 text35       01911
_INTCONbits              (abs)        0000B
_LEER                    text38       018CF
_PIE1bits                (abs)        0008C
_PIR1bits                (abs)        0000C
_PORTC                   (abs)        00007
_PORTD                   (abs)        00008
_PORTE                   (abs)        00009
_RCIF                    (abs)        00065
_RCREG                   (abs)        0001A
_RCSTAbits               (abs)        00018
_RD0                     (abs)        00040
_RD1                     (abs)        00041
_RD2                     (abs)        00042
_RD3                     (abs)        00043
_RD4                     (abs)        00044
_RD5                     (abs)        00045
_RD6                     (abs)        00046
_RD7                     (abs)        00047
_RE0                     (abs)        00048
_RE1                     (abs)        00049
_SPBRG                   (abs)        00099
_TRISA                   (abs)        00085
_TRISAbits               (abs)        00085
_TRISBbits               (abs)        00086
_TRISCbits               (abs)        00087
_TRISD                   (abs)        00088
_TRISE                   (abs)        00089
_TRISEbits               (abs)        00089
_TXIF                    (abs)        00064
_TXREG                   (abs)        00019
_TXSTAbits               (abs)        00098
__Habs1                  abs1         00000
__Hbank0                 bank0        00000
__Hbank1                 bank1        00000
__Hbank2                 bank2        00000
__Hbank3                 bank3        00000
__HbssBANK1              bssBANK1     00000
__HbssCOMMON             bssCOMMON    00000
__Hcinit                 cinit        0001D
__Hclrtext               clrtext      00000
__Hcode                  code         00000
__Hcommon                common       00000
__Hconfig                config       02009
__HcstackBANK0           cstackBANK0  00000
__HcstackBANK1           cstackBANK1  00000
__HcstackCOMMON          cstackCOMMON 00000
__Heeprom_data           eeprom_data  00000
__Hend_init              end_init     0000F
__Hfunctab               functab      00000
__Hinit                  init         0000C
__Hintentry              intentry     0000C
__Hmaintext              maintext     00000
__Hpowerup               powerup      00000
__Hram                   ram          00000
__Hreset_vec             reset_vec    00003
__Hsfr0                  sfr0         00000
__Hsfr1                  sfr1         00000
__Hsfr2                  sfr2         00000
__Hsfr3                  sfr3         00000
__Hspace_0               (abs)        02000
__Hspace_1               (abs)        000F0
__Hspace_2               (abs)        00000
__Hspace_3               (abs)        00000
__Hspace_4               (abs)        04010
__Hstack                 stack        00000
__Hstrings               strings      00000
__Htext                  text         00000
__Labs1                  abs1         00000
__Lbank0                 bank0        00000
__Lbank1                 bank1        00000
__Lbank2                 bank2        00000
__Lbank3                 bank3        00000
__LbssBANK1              bssBANK1     00000
__LbssCOMMON             bssCOMMON    00000
__Lcinit                 cinit        0000F
__Lclrtext               clrtext      00000
__Lcode                  code         00000
__Lcommon                common       00000
__Lconfig                config       00000
__LcstackBANK0           cstackBANK0  00000
__LcstackBANK1           cstackBANK1  00000
__LcstackCOMMON          cstackCOMMON 00000
__Leeprom_data           eeprom_data  00000
__Lend_init              end_init     0000C
__Lfunctab               functab      00000
__Linit                  init         0000C
__Lintentry              intentry     00004
__Lmaintext              maintext     00000
__Lpowerup               powerup      00000
__Lram                   ram          00000
__Lreset_vec             reset_vec    00000
__Lsfr0                  sfr0         00000
__Lsfr1                  sfr1         00000
__Lsfr2                  sfr2         00000
__Lsfr3                  sfr3         00000
__Lspace_0               (abs)        00000
__Lspace_1               (abs)        00000
__Lspace_2               (abs)        00000
__Lspace_3               (abs)        00000
__Lspace_4               (abs)        00000
__Lstack                 stack        00000
__Lstrings               strings      00000
__Ltext                  text         00000
__S0                     (abs)        02000
__S1                     (abs)        000F0
__S2                     (abs)        00000
__S3                     (abs)        00000
__Umul8_16               text10       019D4
__Umul8_16@multiplicand  cstackCOMMON 00073
__Umul8_16@multiplier    cstackBANK0  00024
__Umul8_16@product       cstackBANK0  00020
__Umul8_16@word_mpld     cstackBANK0  00022
___awdiv                 text4        01CFE
___awdiv@counter         cstackBANK0  00025
___awdiv@dividend        cstackBANK0  00022
___awdiv@divisor         cstackBANK0  00020
___awdiv@quotient        cstackBANK0  00027
___awdiv@sign            cstackBANK0  00026
___awmod                 text3        01BD7
___awmod@counter         cstackCOMMON 00078
___awmod@dividend        cstackCOMMON 00075
___awmod@divisor         cstackCOMMON 00073
___awmod@sign            cstackCOMMON 00079
___fladd                 text19       012C2
___fladd@a               cstackBANK0  0005C
___fladd@aexp            cstackBANK0  00069
___fladd@b               cstackBANK0  00058
___fladd@bexp            cstackBANK0  0006A
___fladd@grs             cstackBANK0  0006B
___fladd@signs           cstackBANK0  00068
___fleq                  text22       01B31
___fleq@ff1              cstackBANK0  00020
___fleq@ff2              cstackBANK0  00024
___flge                  text21       01DE3
___flge@ff1              cstackBANK0  00020
___flge@ff2              cstackBANK0  00024
___flmul                 text9        0093C
___flmul@a               cstackBANK0  0002E
___flmul@aexp            cstackBANK0  0003C
___flmul@b               cstackBANK0  0002A
___flmul@bexp            cstackBANK0  0003D
___flmul@grs             cstackBANK0  00038
___flmul@prod            cstackBANK0  0003E
___flmul@sign            cstackBANK0  00037
___flmul@temp            cstackBANK0  00042
___flneg                 text20       018E9
___flneg@f1              cstackCOMMON 00073
___flsub                 text18       00803
___flsub@a               cstackBANK1  000A0
___flsub@b               cstackBANK1  000A4
___fltol                 text17       01D67
___fltol@exp1            cstackBANK0  00061
___fltol@f1              cstackBANK0  00057
___fltol@sign1           cstackBANK0  00060
___int_sp                stack        00000
___latbits               (abs)        00002
___lldiv                 text16       01C96
___lldiv@counter         cstackCOMMON 00078
___lldiv@dividend        cstackBANK0  00024
___lldiv@divisor         cstackBANK0  00020
___lldiv@quotient        cstackCOMMON 00074
___llmod                 text15       01B81
___llmod@counter         cstackBANK0  00030
___llmod@dividend        cstackBANK0  0002C
___llmod@divisor         cstackBANK0  00028
___lwdiv                 text8        01AEB
___lwdiv@counter         cstackBANK0  00026
___lwdiv@dividend        cstackBANK0  00022
___lwdiv@divisor         cstackBANK0  00020
___lwdiv@quotient        cstackBANK0  00024
___lwmod                 text7        01A2F
___lwmod@counter         cstackCOMMON 00078
___lwmod@dividend        cstackCOMMON 00075
___lwmod@divisor         cstackCOMMON 00073
___sp                    stack        00000
___stackhi               (abs)        00000
___stacklo               (abs)        00000
___wmul                  text14       01989
___wmul@multiplicand     cstackCOMMON 00075
___wmul@multiplier       cstackCOMMON 00073
___wmul@product          cstackCOMMON 00077
___xxtofl                text13       01E87
___xxtofl@arg            cstackBANK0  00026
___xxtofl@exp            cstackBANK0  00025
___xxtofl@sign           cstackBANK0  00024
___xxtofl@val            cstackCOMMON 00073
__div_to_l_              text12       010C2
__div_to_l_@cntr         cstackCOMMON 00078
__div_to_l_@exp1         cstackCOMMON 00079
__div_to_l_@f1           cstackBANK0  00020
__div_to_l_@f2           cstackBANK0  00024
__div_to_l_@quot         cstackCOMMON 00074
__end_of_CMDs            text28       01989
__end_of_ESC             text33       018E9
__end_of_ESCLCD          text34       01AEB
__end_of_ESCString       text32       0194B
__end_of_ESCchar         text35       0192D
__end_of_LEER            text38       018D7
__end_of__Umul8_16       text10       019FD
__end_of___awdiv         text4        01D67
__end_of___awmod         text3        01C30
__end_of___fladd         text19       0154A
__end_of___fleq          text22       01B81
__end_of___flge          text21       01E87
__end_of___flmul         text9        00C9D
__end_of___flneg         text20       018F4
__end_of___flsub         text18       00853
__end_of___fltol         text17       01DE3
__end_of___lldiv         text16       01CFE
__end_of___llmod         text15       01BD7
__end_of___lwdiv         text8        01B31
__end_of___lwmod         text7        01A69
__end_of___wmul          text14       019AE
__end_of___xxtofl        text13       01F43
__end_of__div_to_l_      text12       01182
__end_of__initialization cinit        00019
__end_of__npowers_       strings      01078
__end_of__powers_        strings      01044
__end_of__stringtab      strings      01010
__end_of__tdiv_to_l_     text11       02000
__end_of_baud            text31       018CF
__end_of_config          text30       01969
__end_of_configADC       text29       0093C
__end_of_configLCD       text27       01C96
__end_of_config_rx       text26       018DF
__end_of_config_tx       text25       01911
__end_of_cursor          text24       019D4
__end_of_dpowers         strings      010A0
__end_of_fround          text6        007E6
__end_of_isdigit         text5        007F8
__end_of_isr             text37       01A2F
__end_of_limpiar         text23       01901
__end_of_main            maintext     012C2
__end_of_pin             text36       01AA7
__end_of_scale           text2        01000
__end_of_sprintf         text1_split_1 005D9
__initialization         cinit        0000F
__npowers_               strings      01044
__pbssBANK1              bssBANK1     000D1
__pbssCOMMON             bssCOMMON    0007A
__pcstackBANK0           cstackBANK0  00020
__pcstackBANK1           cstackBANK1  000A0
__pcstackCOMMON          cstackCOMMON 00070
__pintentry              intentry     00004
__pmaintext              maintext     01182
__powers_                strings      01010
__pstrings               strings      01000
__ptext1                 text1        0154A
__ptext10                text10       019D4
__ptext11                text11       01F43
__ptext12                text12       010C2
__ptext13                text13       01E87
__ptext14                text14       01989
__ptext15                text15       01B81
__ptext16                text16       01C96
__ptext17                text17       01D67
__ptext18                text18       00803
__ptext19                text19       012C2
__ptext2                 text2        00C9D
__ptext20                text20       018E9
__ptext21                text21       01DE3
__ptext22                text22       01B31
__ptext23                text23       018F4
__ptext24                text24       019AE
__ptext25                text25       01901
__ptext26                text26       018D7
__ptext27                text27       01C30
__ptext28                text28       01969
__ptext29                text29       00853
__ptext3                 text3        01BD7
__ptext30                text30       0194B
__ptext31                text31       018CA
__ptext32                text32       0192D
__ptext33                text33       018DF
__ptext34                text34       01AA7
__ptext35                text35       01911
__ptext36                text36       01A69
__ptext37                text37       019FD
__ptext38                text38       018CF
__ptext4                 text4        01CFE
__ptext5                 text5        007E6
__ptext6                 text6        005D9
__ptext7                 text7        01A2F
__ptext8                 text8        01AEB
__ptext9                 text9        0093C
__size_of_CMDs           (abs)        00000
__size_of_ESC            (abs)        00000
__size_of_ESCLCD         (abs)        00000
__size_of_ESCString      (abs)        00000
__size_of_ESCchar        (abs)        00000
__size_of_LEER           (abs)        00000
__size_of__Umul8_16      (abs)        00000
__size_of___awdiv        (abs)        00000
__size_of___awmod        (abs)        00000
__size_of___fladd        (abs)        00000
__size_of___fleq         (abs)        00000
__size_of___flge         (abs)        00000
__size_of___flmul        (abs)        00000
__size_of___flneg        (abs)        00000
__size_of___flsub        (abs)        00000
__size_of___fltol        (abs)        00000
__size_of___lldiv        (abs)        00000
__size_of___llmod        (abs)        00000
__size_of___lwdiv        (abs)        00000
__size_of___lwmod        (abs)        00000
__size_of___wmul         (abs)        00000
__size_of___xxtofl       (abs)        00000
__size_of__div_to_l_     (abs)        00000
__size_of__tdiv_to_l_    (abs)        00000
__size_of_baud           (abs)        00000
__size_of_config         (abs)        00000
__size_of_configADC      (abs)        00000
__size_of_configLCD      (abs)        00000
__size_of_config_rx      (abs)        00000
__size_of_config_tx      (abs)        00000
__size_of_cursor         (abs)        00000
__size_of_fround         (abs)        00000
__size_of_isdigit        (abs)        00000
__size_of_isr            (abs)        00000
__size_of_limpiar        (abs)        00000
__size_of_main           (abs)        00000
__size_of_pin            (abs)        00000
__size_of_scale          (abs)        00000
__size_of_sprintf        (abs)        00000
__stringbase             strings      0100F
__stringtab              strings      01000
__tdiv_to_l_             text11       01F43
__tdiv_to_l_@cntr        cstackBANK0  0002C
__tdiv_to_l_@exp1        cstackBANK0  0002D
__tdiv_to_l_@f1          cstackBANK0  00020
__tdiv_to_l_@f2          cstackBANK0  00024
__tdiv_to_l_@quot        cstackBANK0  00028
_adc0                    bssBANK1     000DB
_adc1                    bssBANK1     000DA
_baud                    text31       018CA
_config                  text30       0194B
_configADC               text29       00853
_configLCD               text27       01C30
_config_rx               text26       018D7
_config_tx               text25       01901
_cursor                  text24       019AE
_dpowers                 strings      01078
_fround                  text6        005D9
_fround$1267             cstackBANK0  00053
_fround$1268             cstackBANK0  0004F
_isdigit                 text5        007E6
_isdigit$1079            cstackCOMMON 00073
_isr                     text37       019FD
_lectura                 bssCOMMON    0007A
_limpiar                 text23       018F4
_main                    maintext     01182
_num                     bssBANK1     000D9
_num1                    bssBANK1     000D5
_num2                    bssBANK1     000D1
_pin                     text36       01A69
_scale                   text2        00C9D
_scale$1269              cstackBANK0  00052
_sprintf                 text1        0154A
_sprintf$1270            cstackBANK1  000B8
btemp                    (abs)        0007E
clear_ram0               clrtext      007F8
configADC@ch             cstackCOMMON 00075
cursor@a                 cstackBANK0  00020
cursor@b                 cstackCOMMON 00077
cursor@x                 cstackBANK0  00021
end_of_initialization    cinit        00019
fround@prec              cstackBANK0  00057
interrupt_function       intentry     00004
intlevel0                functab      00000
intlevel1                functab      00000
intlevel2                functab      00000
intlevel3                functab      00000
intlevel4                functab      00000
intlevel5                functab      00000
isdigit@c                cstackCOMMON 00074
pin@a                    cstackCOMMON 00073
pnum$text1               (abs)        0000B
pnum$text1_split_1       (abs)        00033
psplit$0                 (abs)        B0033
reset_vec                reset_vec    00000
saved_w                  (abs)        0007E
scale@scl                cstackBANK0  00056
sprintf@ap               cstackBANK1  000BC
sprintf@c                cstackBANK1  000D0
sprintf@eexp             cstackBANK1  000BF
sprintf@f                cstackBANK1  000A8
sprintf@flag             cstackBANK1  000BD
sprintf@fval             cstackBANK1  000CA
sprintf@prec             cstackBANK1  000CE
sprintf@sp               cstackBANK1  000C9
sprintf@tmpval           cstackBANK1  000C1
sprintf@val              cstackBANK1  000C5
start                    init         0000C
start_initialization     cinit        0000F
wtemp0                   (abs)        0007E


MODULE INFORMATION

Module		Function		Class		Link	Load	Size
C:\Program Files\Microchip\xc8\v2.32\pic\sources\c90\common\isdigit.c
		_isdigit       		CODE           	07E6	0000	18

C:\Program Files\Microchip\xc8\v2.32\pic\sources\c90\common\isdigit.c estimated size: 18

C:\Program Files\Microchip\xc8\v2.32\pic\sources\c90\common\sprcadd.c
		___flsub       		CODE           	0803	0000	80
		___fladd       		CODE           	12C2	0000	648

C:\Program Files\Microchip\xc8\v2.32\pic\sources\c90\common\sprcadd.c estimated size: 728

C:\Program Files\Microchip\xc8\v2.32\pic\sources\c90\common\flge.c
		___flge        		CODE           	1DE3	0000	164

C:\Program Files\Microchip\xc8\v2.32\pic\sources\c90\common\flge.c estimated size: 164

uart.c
		_ESCString     		CODE           	192D	0000	30
		_LEER          		CODE           	18CF	0000	8
		_ESC           		CODE           	18DF	0000	10
		_baud          		CODE           	18CA	0000	5
		_config_rx     		CODE           	18D7	0000	8
		_config_tx     		CODE           	1901	0000	16

uart.c estimated size: 77

lab2.c
		_main          		CODE           	1182	0000	320
		_config        		CODE           	194B	0000	30
		_isr           		CODE           	19FD	0000	50

lab2.c estimated size: 400

C:\Program Files\Microchip\xc8\v2.32\pic\sources\c90\common\fldivl.c
		__div_to_l_    		CODE           	10C2	0000	192

C:\Program Files\Microchip\xc8\v2.32\pic\sources\c90\common\fldivl.c estimated size: 192

C:\Program Files\Microchip\xc8\v2.32\pic\sources\c90\common\flneg.c
		___flneg       		CODE           	18E9	0000	11

C:\Program Files\Microchip\xc8\v2.32\pic\sources\c90\common\flneg.c estimated size: 11

C:\Program Files\Microchip\xc8\v2.32\pic\sources\c90\common\xxtofl.c
		___xxtofl      		CODE           	1E87	0000	188

C:\Program Files\Microchip\xc8\v2.32\pic\sources\c90\common\xxtofl.c estimated size: 188

C:\Program Files\Microchip\xc8\v2.32\pic\sources\c90\common\Umul8_16.c
		__Umul8_16     		CODE           	19D4	0000	41

C:\Program Files\Microchip\xc8\v2.32\pic\sources\c90\common\Umul8_16.c estimated size: 41

adc.c
		_configADC     		CODE           	0853	0000	233

adc.c estimated size: 233

C:\Program Files\Microchip\xc8\v2.32\pic\sources\c90\common\lwmod.c
		___lwmod       		CODE           	1A2F	0000	58

C:\Program Files\Microchip\xc8\v2.32\pic\sources\c90\common\lwmod.c estimated size: 58

C:\Program Files\Microchip\xc8\v2.32\pic\sources\c90\common\awmod.c
		___awmod       		CODE           	1BD7	0000	89

C:\Program Files\Microchip\xc8\v2.32\pic\sources\c90\common\awmod.c estimated size: 89

C:\Program Files\Microchip\xc8\v2.32\pic\sources\c90\common\llmod.c
		___llmod       		CODE           	1B81	0000	86

C:\Program Files\Microchip\xc8\v2.32\pic\sources\c90\common\llmod.c estimated size: 86

shared
		__stringtab    		STRING         	1000	0000	16
		__powers_      		STRING         	1010	0000	52
		_dpowers       		STRING         	1078	0000	40
		__npowers_     		STRING         	1044	0000	52
		__initialization		CODE           	000F	0000	10

shared estimated size: 170

C:\Program Files\Microchip\xc8\v2.32\pic\sources\c90\common\fleq.c
		___fleq        		CODE           	1B31	0000	80

C:\Program Files\Microchip\xc8\v2.32\pic\sources\c90\common\fleq.c estimated size: 80

C:\Program Files\Microchip\xc8\v2.32\pic\sources\c90\common\sprcmul.c
		___flmul       		CODE           	093C	0000	865

C:\Program Files\Microchip\xc8\v2.32\pic\sources\c90\common\sprcmul.c estimated size: 865

lcd.c
		_CMDs          		CODE           	1969	0000	32
		_pin           		CODE           	1A69	0000	62
		_limpiar       		CODE           	18F4	0000	13
		_ESCchar       		CODE           	1911	0000	28
		_cursor        		CODE           	19AE	0000	38
		_configLCD     		CODE           	1C30	0000	102
		_ESCLCD        		CODE           	1AA7	0000	68

lcd.c estimated size: 343

C:\Program Files\Microchip\xc8\v2.32\pic\sources\c90\common\doprnt.c
		_scale         		CODE           	0C9D	0000	867
		_sprintf       		CODE           	154A	0000	2162
		_fround        		CODE           	05D9	0000	525

C:\Program Files\Microchip\xc8\v2.32\pic\sources\c90\common\doprnt.c estimated size: 3554

C:\Program Files\Microchip\xc8\v2.32\pic\sources\c90\common\ftdivl.c
		__tdiv_to_l_   		CODE           	1F43	0000	189

C:\Program Files\Microchip\xc8\v2.32\pic\sources\c90\common\ftdivl.c estimated size: 189

C:\Program Files\Microchip\xc8\v2.32\pic\sources\c90\common\lwdiv.c
		___lwdiv       		CODE           	1AEB	0000	70

C:\Program Files\Microchip\xc8\v2.32\pic\sources\c90\common\lwdiv.c estimated size: 70

C:\Program Files\Microchip\xc8\v2.32\pic\sources\c90\common\awdiv.c
		___awdiv       		CODE           	1CFE	0000	105

C:\Program Files\Microchip\xc8\v2.32\pic\sources\c90\common\awdiv.c estimated size: 105

C:\Program Files\Microchip\xc8\v2.32\pic\sources\c90\common\Umul16.c
		___wmul        		CODE           	1989	0000	37

C:\Program Files\Microchip\xc8\v2.32\pic\sources\c90\common\Umul16.c estimated size: 37

C:\Program Files\Microchip\xc8\v2.32\pic\sources\c90\common\fltol.c
		___fltol       		CODE           	1D67	0000	124

C:\Program Files\Microchip\xc8\v2.32\pic\sources\c90\common\fltol.c estimated size: 124

C:\Program Files\Microchip\xc8\v2.32\pic\sources\c90\common\__lldiv.c
		___lldiv       		CODE           	1C96	0000	104

C:\Program Files\Microchip\xc8\v2.32\pic\sources\c90\common\__lldiv.c estimated size: 104

